Awl-Pike                      |
Backsword                     |
Ball and Chain                |
Bastard Sword                 |
Battle Axe (Balestarius)      |
Battle Axe (European)         |
Beaked Axe                    |
Broad Axe                     |
Broadsword                    |
Cat-O-Nine Tails              |
Cutlass                       |
Dagger (Bodkin)               |
Dagger (Main Gauche)          |
Dagger (Misercorde)           |
Dagger (Stiletto)             |
Executioner's Sword           |
Fauchard                      |
Flail                         |
Foil                          |
Glaive                        |
Halberd                       |
Javelin                       |
Katana                        |
Lance                         |
Longsword                     |
Lucerne Hammer                |
Mace                          |
Mace (Lead filled)            |
Morningstar                   |
Pike                          |
Rapier                        |
Sabre                         |
Small Sword                   |
Spear                         |
Thrusting Sword (Baselard)    |
Thrusting Sword (Bilbo)       |
Two Handed Great Flail        |
Two Handed Sword (Claymore)   |
Two Handed Sword (Espadon)    |
Two Handed Sword (Flamberge)  |
Two Handed Sword (No-Dachi)   |
Two Handed Sword (Zweihander) |
War Hammer                    |
Wooden Club                   |
